Script started on Mon 28 Nov 2016 09:50:24 PM PST
[iqbala@athena:21]> exitssh sp1[21G~changw/ivl/bin/iverilog count16.v[46Gpattern.v[21Gls[Kcd CS137[21Gmysql -h athena -u cs13435 -p[21G./a.out[K[21Gmysql -h athena -u cs13435 -p[21Gcd CS137[K[21Gmysql -h athena -u cs13435 -p
Enter password: 
Welcome to the MySQL monitor.  Commands end with ; or \g.
Your MySQL connection id is 151961
Server version: 5.6.34 Distributed by The IUS Community Project

Copyright (c) 2000, 2016, Oracle and/or its affiliates. All rights reserved.

Oracle is a registered trademark of Oracle Corporation and/or its
affiliates. Other names may be trademarks of their respective
owners.

Type 'help;' or '\h' for help. Type '\c' to clear the current input statement.

mysql> show create table CONNECTED_TO;[27GAPITOLCITY;[K[27GONNECTED_TO;[8G[Kshow create table CONNECTED_TO;[27GAPITOLCITY;[K[27GOUNTRY;[K[25G<COUNTRY>;[25G[1@ <[36G[13G[7P[18Gs;[K[8Guse cs13435;[8Gshow tables;
ERROR 1046 (3D000): No database selected
mysql> show tables;[13G[7@create [25G CONNECTED_TO;[27GAPITOLCITY;[K[27GOUNTRY;[K[25G<COUNTRY>;[25G[1@ <[36G[13G[7P[18Gs;[K[8Guse cs13435;[8Gshow tables;[8Guse cs13435;
Database changed
mysql> use cs13435;[8Gshow tables;[8Guse cs13435;[8G[Kuse cs13435;[8Gshow tables;
+-------------------+
| Tables_in_cs13435 |
+-------------------+
| BORDER            |
| CAPITOLCITY       |
| CONNECTED_TO      |
| COUNTRY           |
| COUNTY            |
| DEPARTMENT        |
| DEPENDENT         |
| DEPT_LOCATIONS    |
| EMPLOYEE          |
| LAKE              |
| LAKE_IN_COUNTY    |
| PROJECT           |
| RACE              |
| RELIGION          |
| RIVER             |
| RIVER_IN_COUNTY   |
| SEA               |
| SEA_IN_COUNTY     |
| STATE             |
| STATE_NICK        |
| WORKS_ON          |
+-------------------+
21 rows in set (0.00 sec)

mysql> show tables;[8Guse cs13435;[8Gshow tables;[13G[7@create [25G CONNECTED_TO;[27GAPITOLCITY;[K[27GOUNTRY;[K[25G<COUNTRY>;[25G COUNTRY;[K;[K;[K;[K;[K;[K;[K;[KB;O;R;D;E;R;
+--------+--------------------------------------------------------------------------------------------------------------------------------------------------------------------------------------------------------------------------------------------------------------------------------------------------------------------------------------------------------------------------------------------------------------------------------------------------------------------------------------------------------------------+
| Table  | Create Table                                                                                                                                                                                                                                                                                                                                                                                                                                                                                                       |
+--------+--------------------------------------------------------------------------------------------------------------------------------------------------------------------------------------------------------------------------------------------------------------------------------------------------------------------------------------------------------------------------------------------------------------------------------------------------------------------------------------------------------------------+
| BORDER | CREATE TABLE `BORDER` (
  `BorderStateTo` varchar(14) NOT NULL,
  `BorderStateWith` varchar(14) NOT NULL,
  `BorderLength` int(11) NOT NULL,
  PRIMARY KEY (`BorderStateTo`,`BorderStateWith`),
  KEY `BorderStateWith` (`BorderStateWith`),
  CONSTRAINT `BORDER_ibfk_1` FOREIGN KEY (`BorderStateTo`) REFERENCES `STATE` (`StateName`) ON DELETE CASCADE,
  CONSTRAINT `BORDER_ibfk_2` FOREIGN KEY (`BorderStateWith`) REFERENCES `STATE` (`StateName`) ON DELETE CASCADE
) ENGINE=InnoDB DEFAULT CHARSET=latin1 |
+--------+--------------------------------------------------------------------------------------------------------------------------------------------------------------------------------------------------------------------------------------------------------------------------------------------------------------------------------------------------------------------------------------------------------------------------------------------------------------------------------------------------------------------+
1 row in set (0.03 sec)

mysql> show create table BORDER;;[K;[K;[K;[K;[K;[KC;A;P;I;T;O;L;C;I;T;Y;
+-------------+--------------------------------------------------------------------------------------------------------------------------------------------------------------------------------------------------------------------------------------------------------------------------------------------------------------------------------------------------------------+
| Table       | Create Table                                                                                                                                                                                                                                                                                                                                                 |
+-------------+--------------------------------------------------------------------------------------------------------------------------------------------------------------------------------------------------------------------------------------------------------------------------------------------------------------------------------------------------------------+
| CAPITOLCITY | CREATE TABLE `CAPITOLCITY` (
  `CapitolName` varchar(20) NOT NULL,
  `CapitolPop` int(11) NOT NULL,
  `Longitude` int(11) NOT NULL,
  `Latitude` int(11) NOT NULL,
  PRIMARY KEY (`CapitolName`),
  CONSTRAINT `CAPITOLCITY_ibfk_1` FOREIGN KEY (`CapitolName`) REFERENCES `STATE` (`StateCapitol`) ON DELETE CASCADE
) ENGINE=InnoDB DEFAULT CHARSET=latin1 |
+-------------+--------------------------------------------------------------------------------------------------------------------------------------------------------------------------------------------------------------------------------------------------------------------------------------------------------------------------------------------------------------+
1 row in set (0.00 sec)

mysql> show create table CAPITOLCITY;;[K;[K;[K;[K;[K;[K;[K;[K;[K;[KO;N;N;E;C;T;E;D;_;T;O;
+--------------+-------------------------------------------------------------------------------------------------------------------------------------------------------------------------------------------------------------------------------------------------------------------------------------------------------------------------------------------------------------------------------------------------------------------------------+
| Table        | Create Table                                                                                                                                                                                                                                                                                                                                                                                                                  |
+--------------+-------------------------------------------------------------------------------------------------------------------------------------------------------------------------------------------------------------------------------------------------------------------------------------------------------------------------------------------------------------------------------------------------------------------------------+
| CONNECTED_TO | CREATE TABLE `CONNECTED_TO` (
  `From_Sea` varchar(14) NOT NULL,
  `To_Sea` varchar(14) NOT NULL,
  PRIMARY KEY (`From_Sea`,`To_Sea`),
  KEY `To_Sea` (`To_Sea`),
  CONSTRAINT `CONNECTED_TO_ibfk_1` FOREIGN KEY (`From_Sea`) REFERENCES `SEA` (`SeaName`) ON DELETE CASCADE,
  CONSTRAINT `CONNECTED_TO_ibfk_2` FOREIGN KEY (`To_Sea`) REFERENCES `SEA` (`SeaName`) ON DELETE CASCADE
) ENGINE=InnoDB DEFAULT CHARSET=latin1 |
+--------------+-------------------------------------------------------------------------------------------------------------------------------------------------------------------------------------------------------------------------------------------------------------------------------------------------------------------------------------------------------------------------------------------------------------------------------+
1 row in set (0.00 sec)

mysql> show create table CONNECTED_TO;TO;;[K;[K;[K;[K;[K;[K;[K;[K;[K;[Ku;;[KU;N;T;R;Y;
+---------+-----------------------------------------------------------------------------------------------------------------------+
| Table   | Create Table                                                                                                          |
+---------+-----------------------------------------------------------------------------------------------------------------------+
| COUNTRY | CREATE TABLE `COUNTRY` (
  `Name` varchar(14) NOT NULL,
  PRIMARY KEY (`Name`)
) ENGINE=InnoDB DEFAULT CHARSET=latin1 |
+---------+-----------------------------------------------------------------------------------------------------------------------+
1 row in set (0.00 sec)

mysql> show create table COUNTRY;Y;[K;[K;[K;[KN;T;Y;
+--------+----------------------------------------------------------------------------------------------------------------------------------------------------------------------------------------------------------------------------------------------------------------------------------------------------------+
| Table  | Create Table                                                                                                                                                                                                                                                                                             |
+--------+----------------------------------------------------------------------------------------------------------------------------------------------------------------------------------------------------------------------------------------------------------------------------------------------------------+
| COUNTY | CREATE TABLE `COUNTY` (
  `CountyName` varchar(20) NOT NULL,
  `SName` varchar(20) NOT NULL,
  PRIMARY KEY (`CountyName`,`SName`),
  KEY `SName` (`SName`),
  CONSTRAINT `COUNTY_ibfk_1` FOREIGN KEY (`SName`) REFERENCES `STATE` (`StateName`) ON DELETE CASCADE
) ENGINE=InnoDB DEFAULT CHARSET=latin1 |
+--------+----------------------------------------------------------------------------------------------------------------------------------------------------------------------------------------------------------------------------------------------------------------------------------------------------------+
1 row in set (0.00 sec)

mysql> L[Kshow create table COUNTY;;[K;[K;[K;[K;[K;[KL;A;K;E;
+-------+----------------------------------------------------------------------------------------------------------------------------------------------------------------------------------------------------------------------+
| Table | Create Table                                                                                                                                                                                                         |
+-------+----------------------------------------------------------------------------------------------------------------------------------------------------------------------------------------------------------------------+
| LAKE  | CREATE TABLE `LAKE` (
  `LakeName` varchar(20) NOT NULL,
  `Max_Depth` int(11) NOT NULL,
  `Altitude` int(11) NOT NULL,
  `Area` int(11) NOT NULL,
  PRIMARY KEY (`LakeName`)
) ENGINE=InnoDB DEFAULT CHARSET=latin1 |
+-------+----------------------------------------------------------------------------------------------------------------------------------------------------------------------------------------------------------------------+
1 row in set (0.00 sec)

mysql> show create table LAKE;_;I;N;_;C;O;U;N;T;Y;
+----------------+---------------------------------------------------------------------------------------------------------------------------------------------------------------------------------------------------------------------------------------------------------------------------------------------------------------------------------------------------------------------------------------------------------------------------------------------------------------------------------------------------------------------------------------------------------------------------------------------------------------+
| Table          | Create Table                                                                                                                                                                                                                                                                                                                                                                                                                                                                                                                                                                                                  |
+----------------+---------------------------------------------------------------------------------------------------------------------------------------------------------------------------------------------------------------------------------------------------------------------------------------------------------------------------------------------------------------------------------------------------------------------------------------------------------------------------------------------------------------------------------------------------------------------------------------------------------------+
| LAKE_IN_COUNTY | CREATE TABLE `LAKE_IN_COUNTY` (
  `LName` varchar(14) NOT NULL,
  `CName` varchar(14) NOT NULL,
  `SName` varchar(14) NOT NULL,
  PRIMARY KEY (`LName`,`CName`,`SName`),
  KEY `CName` (`CName`),
  KEY `SName` (`SName`),
  CONSTRAINT `LAKE_IN_COUNTY_ibfk_1` FOREIGN KEY (`LName`) REFERENCES `LAKE` (`LakeName`) ON DELETE CASCADE,
  CONSTRAINT `LAKE_IN_COUNTY_ibfk_2` FOREIGN KEY (`CName`) REFERENCES `COUNTY` (`CountyName`) ON DELETE CASCADE,
  CONSTRAINT `LAKE_IN_COUNTY_ibfk_3` FOREIGN KEY (`SName`) REFERENCES `STATE` (`StateName`) ON DELETE CASCADE
) ENGINE=InnoDB DEFAULT CHARSET=latin1 |
+----------------+---------------------------------------------------------------------------------------------------------------------------------------------------------------------------------------------------------------------------------------------------------------------------------------------------------------------------------------------------------------------------------------------------------------------------------------------------------------------------------------------------------------------------------------------------------------------------------------------------------------+
1 row in set (0.00 sec)

mysql> show create table LAKE_IN_COUNTY;;[K;[K;[K;[K;[K;[K;[K;[K;[K;[K;[K;[K;[K;[KR;A;C;E;
+-------+---------------------------------------------------------------------------------------------------------------------------------------------------------------------------------------------------------------------------------------------------------------------------------------------------------------------+
| Table | Create Table                                                                                                                                                                                                                                                                                                        |
+-------+---------------------------------------------------------------------------------------------------------------------------------------------------------------------------------------------------------------------------------------------------------------------------------------------------------------------+
| RACE  | CREATE TABLE `RACE` (
  `SName` varchar(10) NOT NULL,
  `Race_Name` varchar(10) NOT NULL,
  `Percentage` decimal(2,2) DEFAULT NULL,
  PRIMARY KEY (`SName`,`Race_Name`),
  CONSTRAINT `RACE_ibfk_1` FOREIGN KEY (`SName`) REFERENCES `STATE` (`StateName`) ON DELETE CASCADE
) ENGINE=InnoDB DEFAULT CHARSET=latin1 |
+-------+---------------------------------------------------------------------------------------------------------------------------------------------------------------------------------------------------------------------------------------------------------------------------------------------------------------------+
1 row in set (0.01 sec)

mysql> show create table RACE;;[K;[K;[KE;L;I;G;I;O;N;
+----------+--------------------------------------------------------------------------------------------------------------------------------------------------------------------------------------------------------------------------------------------------------------------------------------------------------------------------------+
| Table    | Create Table                                                                                                                                                                                                                                                                                                                   |
+----------+--------------------------------------------------------------------------------------------------------------------------------------------------------------------------------------------------------------------------------------------------------------------------------------------------------------------------------+
| RELIGION | CREATE TABLE `RELIGION` (
  `SName` varchar(10) NOT NULL,
  `Religion_Name` varchar(10) NOT NULL,
  `Percentage` int(11) DEFAULT NULL,
  PRIMARY KEY (`SName`,`Religion_Name`),
  CONSTRAINT `RELIGION_ibfk_1` FOREIGN KEY (`SName`) REFERENCES `STATE` (`StateName`) ON DELETE CASCADE
) ENGINE=InnoDB DEFAULT CHARSET=latin1 |
+----------+--------------------------------------------------------------------------------------------------------------------------------------------------------------------------------------------------------------------------------------------------------------------------------------------------------------------------------+
1 row in set (0.02 sec)

mysql> show create table RELIGION;;[K;[K;[K;[K;[K;[K;[KI;V;E;R;
+-------+--------------------------------------------------------------------------------------------------------------------------------------------------------------------------------------------------------------------------------------------------------------------------------------------------------------------------------------------------------------------------------------------------------------------------------------------------------------------------------------------------------------------------------------------------------------------------+
| Table | Create Table                                                                                                                                                                                                                                                                                                                                                                                                                                                                                                                                                             |
+-------+--------------------------------------------------------------------------------------------------------------------------------------------------------------------------------------------------------------------------------------------------------------------------------------------------------------------------------------------------------------------------------------------------------------------------------------------------------------------------------------------------------------------------------------------------------------------------+
| RIVER | CREATE TABLE `RIVER` (
  `RiverName` varchar(20) NOT NULL,
  `Flows_Into_Lake` varchar(20) DEFAULT NULL,
  `Flows_Into_Sea` varchar(20) DEFAULT NULL,
  `Length` int(11) NOT NULL,
  PRIMARY KEY (`RiverName`),
  KEY `Flows_Into_Lake` (`Flows_Into_Lake`),
  KEY `Flows_Into_Sea` (`Flows_Into_Sea`),
  CONSTRAINT `RIVER_ibfk_1` FOREIGN KEY (`Flows_Into_Lake`) REFERENCES `LAKE` (`LakeName`) ON DELETE SET NULL,
  CONSTRAINT `RIVER_ibfk_2` FOREIGN KEY (`Flows_Into_Sea`) REFERENCES `SEA` (`SeaName`) ON DELETE SET NULL
) ENGINE=InnoDB DEFAULT CHARSET=latin1 |
+-------+--------------------------------------------------------------------------------------------------------------------------------------------------------------------------------------------------------------------------------------------------------------------------------------------------------------------------------------------------------------------------------------------------------------------------------------------------------------------------------------------------------------------------------------------------------------------------+
1 row in set (0.00 sec)

mysql> show create table RIVER;R_;I;N;_;C;O;U;N;T;Y;
+-----------------+---------------------------------------------------------------------------------------------------------------------------------------------------------------------------------------------------------------------------------------------------------------------------------------------------------------------------------------------------------------------------------------------------------------------------------------------------------------------------------------------------------------------------------------------------------------------------------------------------------------------+
| Table           | Create Table                                                                                                                                                                                                                                                                                                                                                                                                                                                                                                                                                                                                        |
+-----------------+---------------------------------------------------------------------------------------------------------------------------------------------------------------------------------------------------------------------------------------------------------------------------------------------------------------------------------------------------------------------------------------------------------------------------------------------------------------------------------------------------------------------------------------------------------------------------------------------------------------------+
| RIVER_IN_COUNTY | CREATE TABLE `RIVER_IN_COUNTY` (
  `RName` varchar(14) NOT NULL,
  `CName` varchar(14) NOT NULL,
  `SName` varchar(14) NOT NULL,
  PRIMARY KEY (`RName`,`CName`,`SName`),
  KEY `CName` (`CName`),
  KEY `SName` (`SName`),
  CONSTRAINT `RIVER_IN_COUNTY_ibfk_1` FOREIGN KEY (`RName`) REFERENCES `RIVER` (`RiverName`) ON DELETE CASCADE,
  CONSTRAINT `RIVER_IN_COUNTY_ibfk_2` FOREIGN KEY (`CName`) REFERENCES `COUNTY` (`CountyName`) ON DELETE CASCADE,
  CONSTRAINT `RIVER_IN_COUNTY_ibfk_3` FOREIGN KEY (`SName`) REFERENCES `STATE` (`StateName`) ON DELETE CASCADE
) ENGINE=InnoDB DEFAULT CHARSET=latin1 |
+-----------------+---------------------------------------------------------------------------------------------------------------------------------------------------------------------------------------------------------------------------------------------------------------------------------------------------------------------------------------------------------------------------------------------------------------------------------------------------------------------------------------------------------------------------------------------------------------------------------------------------------------------+
1 row in set (0.00 sec)

mysql> show create table RIVER_IN_COUNTY;\;;[K;[K;[K;[K;[K;[K;[K;[K;[K;[K;[K;[K;[K;[K;[K;[KS;E;A;
+-------+-----------------------------------------------------------------------------------------------------------------------------------------------------+
| Table | Create Table                                                                                                                                        |
+-------+-----------------------------------------------------------------------------------------------------------------------------------------------------+
| SEA   | CREATE TABLE `SEA` (
  `SeaName` varchar(20) NOT NULL,
  `Depth` int(11) NOT NULL,
  PRIMARY KEY (`SeaName`)
) ENGINE=InnoDB DEFAULT CHARSET=latin1 |
+-------+-----------------------------------------------------------------------------------------------------------------------------------------------------+
1 row in set (0.00 sec)

mysql> show create table SEA;RIVER_IN_COUNTY;[31G;[K_IN_COUNTY;[P_[P_[P_[P_[P_[1@S_[1@E_[1@A_
+---------------+--------------------------------------------------------------------------------------------------------------------------------------------------------------------------------------------------------------------------------------------------------------------------------------------------------------------------------------------------------------------------------------------------------------------------------------------------------------------------------------------------------------------------------------------------------------------------------------------------------------+
| Table         | Create Table                                                                                                                                                                                                                                                                                                                                                                                                                                                                                                                                                                                                 |
+---------------+--------------------------------------------------------------------------------------------------------------------------------------------------------------------------------------------------------------------------------------------------------------------------------------------------------------------------------------------------------------------------------------------------------------------------------------------------------------------------------------------------------------------------------------------------------------------------------------------------------------+
| SEA_IN_COUNTY | CREATE TABLE `SEA_IN_COUNTY` (
  `SName` varchar(14) NOT NULL,
  `CName` varchar(14) NOT NULL,
  `StName` varchar(14) NOT NULL,
  PRIMARY KEY (`SName`,`CName`,`StName`),
  KEY `CName` (`CName`),
  KEY `StName` (`StName`),
  CONSTRAINT `SEA_IN_COUNTY_ibfk_1` FOREIGN KEY (`SName`) REFERENCES `SEA` (`SeaName`) ON DELETE CASCADE,
  CONSTRAINT `SEA_IN_COUNTY_ibfk_2` FOREIGN KEY (`CName`) REFERENCES `COUNTY` (`CountyName`) ON DELETE CASCADE,
  CONSTRAINT `SEA_IN_COUNTY_ibfk_3` FOREIGN KEY (`StName`) REFERENCES `STATE` (`StateName`) ON DELETE CASCADE
) ENGINE=InnoDB DEFAULT CHARSET=latin1 |
+---------------+--------------------------------------------------------------------------------------------------------------------------------------------------------------------------------------------------------------------------------------------------------------------------------------------------------------------------------------------------------------------------------------------------------------------------------------------------------------------------------------------------------------------------------------------------------------------------------------------------------------+
1 row in set (0.00 sec)

mysql> show create table SEA_IN_COUNTY;[29G;[KRIVER_IN_COUNTY;[31G;[K[27GELIGION;[27GACE;[K[26GLAKE_IN_COUNTY;[30G;[K[26GCOUNTY;RY;[28GNNECTED_TO;[27GAPITOLCITY;[K[26GBORDER;[K[26GCAPITOLCITY;[27GONNECTED_TO;[28GUNTRY;[K;[K;[K;[K;[K;[K;[K;[KS;T;A;T;E;
+-------+-------------------------------------------------------------------------------------------------------------------------------------------------------------------------------------------------------------------------------------------------------------------------------------------------------------------------------------------------------------------------------------------------------------------------------------------------------------------------------+
| Table | Create Table                                                                                                                                                                                                                                                                                                                                                                                                                                                                  |
+-------+-------------------------------------------------------------------------------------------------------------------------------------------------------------------------------------------------------------------------------------------------------------------------------------------------------------------------------------------------------------------------------------------------------------------------------------------------------------------------------+
| STATE | CREATE TABLE `STATE` (
  `StateName` varchar(14) NOT NULL,
  `GDP` int(11) NOT NULL,
  `StateArea` int(11) NOT NULL,
  `StatePop` int(11) NOT NULL,
  `StateCapitol` varchar(20) NOT NULL,
  `CountryName` varchar(14) NOT NULL,
  PRIMARY KEY (`StateName`),
  UNIQUE KEY `StateCapitol` (`StateCapitol`),
  KEY `CountryName` (`CountryName`),
  CONSTRAINT `STATE_ibfk_1` FOREIGN KEY (`CountryName`) REFERENCES `COUNTRY` (`Name`)
) ENGINE=InnoDB DEFAULT CHARSET=latin1 |
+-------+-------------------------------------------------------------------------------------------------------------------------------------------------------------------------------------------------------------------------------------------------------------------------------------------------------------------------------------------------------------------------------------------------------------------------------------------------------------------------------+
1 row in set (0.00 sec)

mysql> show create table STATE;[27GEA_IN_COUNTY;[27GTATE;[K_;N;I;C;K;
+------------+---------------------------------------------------------------------------------------------------------------------------------------------------------------------------------------------------------------------------------------------------------------------------+
| Table      | Create Table                                                                                                                                                                                                                                                              |
+------------+---------------------------------------------------------------------------------------------------------------------------------------------------------------------------------------------------------------------------------------------------------------------------+
| STATE_NICK | CREATE TABLE `STATE_NICK` (
  `SName` varchar(14) NOT NULL,
  `Nickname` varchar(201) NOT NULL,
  PRIMARY KEY (`SName`),
  CONSTRAINT `STATE_NICK_ibfk_1` FOREIGN KEY (`SName`) REFERENCES `STATE` (`StateName`) ON DELETE CASCADE
) ENGINE=InnoDB DEFAULT CHARSET=latin1 |
+------------+---------------------------------------------------------------------------------------------------------------------------------------------------------------------------------------------------------------------------------------------------------------------------+
1 row in set (0.00 sec)

mysql> exit;
Bye
[iqbala@athena:22]> exit
exit

Script done on Mon 28 Nov 2016 09:55:46 PM PST
